This file contains any messages produced by compilers while
running configure, to aid debugging if configure makes a mistake.

It was created by ODE configure 0.13, which was
generated by GNU Autoconf 2.69.  Invocation command line was

  $ ./configure CFLAGS=-g -O2 -mno-avx -mno-avx2 -mno-avx512f CXXFLAGS=-g -O2 -mno-avx -mno-avx2 -mno-avx512f

## --------- ##
## Platform. ##
## --------- ##

hostname = ea488ce14096
uname -m = x86_64
uname -r = 6.6.87.2-microsoft-standard-WSL2
uname -s = Linux
uname -v = #1 SMP PREEMPT_DYNAMIC Thu Jun  5 18:30:46 UTC 2025

/usr/bin/uname -p = unknown
/bin/uname -X     = unknown

/bin/arch              = x86_64
/usr/bin/arch -k       = unknown
/usr/convex/getsysinfo = unknown
/usr/bin/hostinfo      = unknown
/bin/machine           = unknown
/usr/bin/oslevel       = unknown
/bin/universe          = unknown

PATH: /vscode/vscode-server/bin/linux-x64/6f17636121051a53c88d3e605c491d22af2ba755/bin/remote-cli
PATH: /usr/local/sbin
PATH: /usr/local/bin
PATH: /usr/sbin
PATH: /usr/bin
PATH: /sbin
PATH: /bin
PATH: /home/vscode/.local/bin


## ----------- ##
## Core tests. ##
## ----------- ##

configure:2731: checking build system type
configure:2745: result: x86_64-unknown-linux-gnu
configure:2765: checking host system type
configure:2778: result: x86_64-unknown-linux-gnu
configure:2815: checking for a BSD-compatible install
configure:2883: result: /usr/bin/install -c
configure:2894: checking whether build environment is sane
configure:2949: result: yes
configure:3100: checking for a thread-safe mkdir -p
configure:3139: result: /usr/bin/mkdir -p
configure:3146: checking for gawk
configure:3176: result: no
configure:3146: checking for mawk
configure:3162: found /usr/bin/mawk
configure:3173: result: mawk
configure:3184: checking whether make sets $(MAKE)
configure:3206: result: yes
configure:3235: checking whether make supports nested variables
configure:3252: result: yes
configure:3380: checking whether make sets $(MAKE)
configure:3402: result: yes
configure:3523: checking for C++ compiler version
configure:3532: clang++-19 --version >&5
Debian clang version 19.1.7 (3~deb12u1)
Target: x86_64-pc-linux-gnu
Thread model: posix
InstalledDir: /usr/lib/llvm-19/bin
configure:3543: $? = 0
configure:3532: clang++-19 -v >&5
Debian clang version 19.1.7 (3~deb12u1)
Target: x86_64-pc-linux-gnu
Thread model: posix
InstalledDir: /usr/lib/llvm-19/bin
Found candidate GCC installation: /usr/lib/gcc/x86_64-linux-gnu/12
Selected GCC installation: /usr/lib/gcc/x86_64-linux-gnu/12
Candidate multilib: .;@m64
Selected multilib: .;@m64
configure:3543: $? = 0
configure:3532: clang++-19 -V >&5
clang++-19: error: argument to '-V' is missing (expected 1 value)
clang++-19: error: no input files
configure:3543: $? = 1
configure:3532: clang++-19 -qversion >&5
clang++-19: error: unknown argument '-qversion'; did you mean '--version'?
clang++-19: error: no input files
configure:3543: $? = 1
configure:3563: checking whether the C++ compiler works
configure:3585: clang++-19 -g -O2 -mno-avx -mno-avx2 -mno-avx512f   conftest.cpp  >&5
configure:3589: $? = 0
configure:3637: result: yes
configure:3640: checking for C++ compiler default output file name
configure:3642: result: a.out
configure:3648: checking for suffix of executables
configure:3655: clang++-19 -o conftest -g -O2 -mno-avx -mno-avx2 -mno-avx512f   conftest.cpp  >&5
configure:3659: $? = 0
configure:3681: result: 
configure:3703: checking whether we are cross compiling
configure:3711: clang++-19 -o conftest -g -O2 -mno-avx -mno-avx2 -mno-avx512f   conftest.cpp  >&5
configure:3715: $? = 0
configure:3722: ./conftest
configure:3726: $? = 0
configure:3741: result: no
configure:3746: checking for suffix of object files
configure:3768: clang++-19 -c -g -O2 -mno-avx -mno-avx2 -mno-avx512f  conftest.cpp >&5
configure:3772: $? = 0
configure:3793: result: o
configure:3797: checking whether we are using the GNU C++ compiler
configure:3816: clang++-19 -c -g -O2 -mno-avx -mno-avx2 -mno-avx512f  conftest.cpp >&5
configure:3816: $? = 0
configure:3825: result: yes
configure:3834: checking whether clang++-19 accepts -g
configure:3854: clang++-19 -c -g  conftest.cpp >&5
configure:3854: $? = 0
configure:3895: result: yes
configure:3929: checking for style of include used by make
configure:3957: result: GNU
configure:3983: checking dependency style of clang++-19
configure:4094: result: gcc3
configure:4157: checking for gcc
configure:4184: result: clang-19
configure:4413: checking for C compiler version
configure:4422: clang-19 --version >&5
Debian clang version 19.1.7 (3~deb12u1)
Target: x86_64-pc-linux-gnu
Thread model: posix
InstalledDir: /usr/lib/llvm-19/bin
configure:4433: $? = 0
configure:4422: clang-19 -v >&5
Debian clang version 19.1.7 (3~deb12u1)
Target: x86_64-pc-linux-gnu
Thread model: posix
InstalledDir: /usr/lib/llvm-19/bin
Found candidate GCC installation: /usr/lib/gcc/x86_64-linux-gnu/12
Selected GCC installation: /usr/lib/gcc/x86_64-linux-gnu/12
Candidate multilib: .;@m64
Selected multilib: .;@m64
configure:4433: $? = 0
configure:4422: clang-19 -V >&5
clang-19: error: argument to '-V' is missing (expected 1 value)
clang-19: error: no input files
configure:4433: $? = 1
configure:4422: clang-19 -qversion >&5
clang-19: error: unknown argument '-qversion'; did you mean '--version'?
clang-19: error: no input files
configure:4433: $? = 1
configure:4437: checking whether we are using the GNU C compiler
configure:4456: clang-19 -c -g -O2 -mno-avx -mno-avx2 -mno-avx512f  conftest.c >&5
configure:4456: $? = 0
configure:4465: result: yes
configure:4474: checking whether clang-19 accepts -g
configure:4494: clang-19 -c -g  conftest.c >&5
configure:4494: $? = 0
configure:4535: result: yes
configure:4552: checking for clang-19 option to accept ISO C89
configure:4615: clang-19  -c -g -O2 -mno-avx -mno-avx2 -mno-avx512f  conftest.c >&5
conftest.c:17:14: warning: a function definition without a prototype is deprecated in all versions of C and is not supported in C23 [-Wdeprecated-non-prototype]
   17 | static char *e (p, i)
      |              ^
1 warning generated.
configure:4615: $? = 0
configure:4628: result: none needed
configure:4653: checking whether clang-19 understands -c and -o together
configure:4675: clang-19 -c conftest.c -o conftest2.o
configure:4678: $? = 0
configure:4675: clang-19 -c conftest.c -o conftest2.o
configure:4678: $? = 0
configure:4690: result: yes
configure:4709: checking dependency style of clang-19
configure:4820: result: gcc3
configure:4841: checking how to run the C preprocessor
configure:4872: clang-19 -E  conftest.c
configure:4872: $? = 0
configure:4886: clang-19 -E  conftest.c
conftest.c:11:10: fatal error: 'ac_nonexistent.h' file not found
   11 | #include <ac_nonexistent.h>
      |          ^~~~~~~~~~~~~~~~~~
1 error generated.
configure:4886: $? = 1
configure: failed program was:
| /* confdefs.h */
| #define PACKAGE_NAME "ODE"
| #define PACKAGE_TARNAME "ode"
| #define PACKAGE_VERSION "0.13"
| #define PACKAGE_STRING "ODE 0.13"
| #define PACKAGE_BUGREPORT "ode@ode.org"
| #define PACKAGE_URL ""
| #define PACKAGE "ode"
| #define VERSION "0.13"
| /* end confdefs.h.  */
| #include <ac_nonexistent.h>
configure:4911: result: clang-19 -E
configure:4931: clang-19 -E  conftest.c
configure:4931: $? = 0
configure:4945: clang-19 -E  conftest.c
conftest.c:11:10: fatal error: 'ac_nonexistent.h' file not found
   11 | #include <ac_nonexistent.h>
      |          ^~~~~~~~~~~~~~~~~~
1 error generated.
configure:4945: $? = 1
configure: failed program was:
| /* confdefs.h */
| #define PACKAGE_NAME "ODE"
| #define PACKAGE_TARNAME "ode"
| #define PACKAGE_VERSION "0.13"
| #define PACKAGE_STRING "ODE 0.13"
| #define PACKAGE_BUGREPORT "ode@ode.org"
| #define PACKAGE_URL ""
| #define PACKAGE "ode"
| #define VERSION "0.13"
| /* end confdefs.h.  */
| #include <ac_nonexistent.h>
configure:4977: checking for gawk
configure:5004: result: mawk
configure:5016: checking whether ln -s works
configure:5020: result: yes
configure:5074: checking how to print strings
configure:5101: result: printf
configure:5122: checking for a sed that does not truncate output
configure:5186: result: /usr/bin/sed
configure:5204: checking for grep that handles long lines and -e
configure:5262: result: /usr/bin/grep
configure:5267: checking for egrep
configure:5329: result: /usr/bin/grep -E
configure:5334: checking for fgrep
configure:5396: result: /usr/bin/grep -F
configure:5431: checking for ld used by clang-19
configure:5498: result: /usr/bin/ld
configure:5505: checking if the linker (/usr/bin/ld) is GNU ld
configure:5520: result: yes
configure:5532: checking for BSD- or MS-compatible name lister (nm)
configure:5581: result: /usr/bin/nm -B
configure:5711: checking the name lister (/usr/bin/nm -B) interface
configure:5718: clang-19 -c -g -O2 -mno-avx -mno-avx2 -mno-avx512f  conftest.c >&5
configure:5721: /usr/bin/nm -B "conftest.o"
configure:5724: output
0000000000000000 B some_variable
configure:5731: result: BSD nm
configure:5735: checking the maximum length of command line arguments
configure:5865: result: 1572864
configure:5882: checking whether the shell understands some XSI constructs
configure:5892: result: yes
configure:5896: checking whether the shell understands "+="
configure:5902: result: yes
configure:5937: checking how to convert x86_64-unknown-linux-gnu file names to x86_64-unknown-linux-gnu format
configure:5977: result: func_convert_file_noop
configure:5984: checking how to convert x86_64-unknown-linux-gnu file names to toolchain format
configure:6004: result: func_convert_file_noop
configure:6011: checking for /usr/bin/ld option to reload object files
configure:6018: result: -r
configure:6092: checking for objdump
configure:6108: found /usr/bin/objdump
configure:6119: result: objdump
configure:6148: checking how to recognize dependent libraries
configure:6350: result: pass_all
configure:6435: checking for dlltool
configure:6465: result: no
configure:6492: checking how to associate runtime and link libraries
configure:6519: result: printf %s\n
configure:6580: checking for ar
configure:6596: found /usr/bin/ar
configure:6607: result: ar
configure:6644: checking for archiver @FILE support
configure:6661: clang-19 -c -g -O2 -mno-avx -mno-avx2 -mno-avx512f  conftest.c >&5
configure:6661: $? = 0
configure:6664: ar cru libconftest.a @conftest.lst >&5
ar: `u' modifier ignored since `D' is the default (see `U')
configure:6667: $? = 0
configure:6672: ar cru libconftest.a @conftest.lst >&5
ar: `u' modifier ignored since `D' is the default (see `U')
ar: conftest.o: No such file or directory
configure:6675: $? = 1
configure:6687: result: @
configure:6745: checking for strip
configure:6761: found /usr/bin/strip
configure:6772: result: strip
configure:6844: checking for ranlib
configure:6860: found /usr/bin/ranlib
configure:6871: result: ranlib
configure:6973: checking command to parse /usr/bin/nm -B output from clang-19 object
configure:7093: clang-19 -c -g -O2 -mno-avx -mno-avx2 -mno-avx512f  conftest.c >&5
configure:7096: $? = 0
configure:7100: /usr/bin/nm -B conftest.o \| sed -n -e 's/^.*[ ]\([ABCDGIRSTW][ABCDGIRSTW]*\)[ ][ ]*\([_A-Za-z][_A-Za-z0-9]*\)$/\1 \2 \2/p' | sed '/ __gnu_lto/d' \> conftest.nm
configure:7103: $? = 0
configure:7169: clang-19 -o conftest -g -O2 -mno-avx -mno-avx2 -mno-avx512f   conftest.c conftstm.o >&5
configure:7172: $? = 0
configure:7210: result: ok
configure:7247: checking for sysroot
configure:7277: result: no
configure:7354: clang-19 -c -g -O2 -mno-avx -mno-avx2 -mno-avx512f  conftest.c >&5
configure:7357: $? = 0
configure:7533: checking for mt
configure:7563: result: no
configure:7583: checking if : is a manifest tool
configure:7589: : '-?'
configure:7597: result: no
configure:8235: checking for ANSI C header files
configure:8255: clang-19 -c -g -O2 -mno-avx -mno-avx2 -mno-avx512f  conftest.c >&5
configure:8255: $? = 0
configure:8328: clang-19 -o conftest -g -O2 -mno-avx -mno-avx2 -mno-avx512f   conftest.c  >&5
configure:8328: $? = 0
configure:8328: ./conftest
configure:8328: $? = 0
configure:8339: result: yes
configure:8352: checking for sys/types.h
configure:8352: clang-19 -c -g -O2 -mno-avx -mno-avx2 -mno-avx512f  conftest.c >&5
configure:8352: $? = 0
configure:8352: result: yes
configure:8352: checking for sys/stat.h
configure:8352: clang-19 -c -g -O2 -mno-avx -mno-avx2 -mno-avx512f  conftest.c >&5
configure:8352: $? = 0
configure:8352: result: yes
configure:8352: checking for stdlib.h
configure:8352: clang-19 -c -g -O2 -mno-avx -mno-avx2 -mno-avx512f  conftest.c >&5
configure:8352: $? = 0
configure:8352: result: yes
configure:8352: checking for string.h
configure:8352: clang-19 -c -g -O2 -mno-avx -mno-avx2 -mno-avx512f  conftest.c >&5
configure:8352: $? = 0
configure:8352: result: yes
configure:8352: checking for memory.h
configure:8352: clang-19 -c -g -O2 -mno-avx -mno-avx2 -mno-avx512f  conftest.c >&5
configure:8352: $? = 0
configure:8352: result: yes
configure:8352: checking for strings.h
configure:8352: clang-19 -c -g -O2 -mno-avx -mno-avx2 -mno-avx512f  conftest.c >&5
configure:8352: $? = 0
configure:8352: result: yes
configure:8352: checking for inttypes.h
configure:8352: clang-19 -c -g -O2 -mno-avx -mno-avx2 -mno-avx512f  conftest.c >&5
configure:8352: $? = 0
configure:8352: result: yes
configure:8352: checking for stdint.h
configure:8352: clang-19 -c -g -O2 -mno-avx -mno-avx2 -mno-avx512f  conftest.c >&5
configure:8352: $? = 0
configure:8352: result: yes
configure:8352: checking for unistd.h
configure:8352: clang-19 -c -g -O2 -mno-avx -mno-avx2 -mno-avx512f  conftest.c >&5
configure:8352: $? = 0
configure:8352: result: yes
configure:8366: checking for dlfcn.h
configure:8366: clang-19 -c -g -O2 -mno-avx -mno-avx2 -mno-avx512f  conftest.c >&5
configure:8366: $? = 0
configure:8366: result: yes
configure:8880: checking for objdir
configure:8895: result: .libs
configure:9166: checking if clang-19 supports -fno-rtti -fno-exceptions
configure:9184: clang-19 -c -g -O2 -mno-avx -mno-avx2 -mno-avx512f  -fno-rtti -fno-exceptions conftest.c >&5
configure:9188: $? = 0
configure:9201: result: yes
configure:9528: checking for clang-19 option to produce PIC
configure:9535: result: -fPIC -DPIC
configure:9543: checking if clang-19 PIC flag -fPIC -DPIC works
configure:9561: clang-19 -c -g -O2 -mno-avx -mno-avx2 -mno-avx512f  -fPIC -DPIC -DPIC conftest.c >&5
configure:9565: $? = 0
configure:9578: result: yes
configure:9607: checking if clang-19 static flag -static works
configure:9635: result: yes
configure:9650: checking if clang-19 supports -c -o file.o
configure:9671: clang-19 -c -g -O2 -mno-avx -mno-avx2 -mno-avx512f  -o out/conftest2.o conftest.c >&5
configure:9675: $? = 0
configure:9697: result: yes
configure:9705: checking if clang-19 supports -c -o file.o
configure:9752: result: yes
configure:9785: checking whether the clang-19 linker (/usr/bin/ld -m elf_x86_64) supports shared libraries
configure:10939: result: yes
configure:11179: checking dynamic linker characteristics
configure:11690: clang-19 -o conftest -g -O2 -mno-avx -mno-avx2 -mno-avx512f   -Wl,-rpath -Wl,/foo conftest.c  >&5
configure:11690: $? = 0
configure:11714: clang-19 -c -g -O2 -mno-avx -mno-avx2 -mno-avx512f  conftest.c >&5
configure:11717: $? = 0
configure:11934: result: GNU/Linux ld.so
configure:12041: checking how to hardcode library paths into programs
configure:12066: result: immediate
configure:12606: checking whether stripping libraries is possible
configure:12611: result: yes
configure:12646: checking if libtool supports shared libraries
configure:12648: result: yes
configure:12651: checking whether to build shared libraries
configure:12672: result: no
configure:12675: checking whether to build static libraries
configure:12679: result: yes
configure:12702: checking how to run the C++ preprocessor
configure:12729: clang++-19 -E  conftest.cpp
configure:12729: $? = 0
configure:12743: clang++-19 -E  conftest.cpp
conftest.cpp:23:10: fatal error: 'ac_nonexistent.h' file not found
   23 | #include <ac_nonexistent.h>
      |          ^~~~~~~~~~~~~~~~~~
1 error generated.
configure:12743: $? = 1
configure: failed program was:
| /* confdefs.h */
| #define PACKAGE_NAME "ODE"
| #define PACKAGE_TARNAME "ode"
| #define PACKAGE_VERSION "0.13"
| #define PACKAGE_STRING "ODE 0.13"
| #define PACKAGE_BUGREPORT "ode@ode.org"
| #define PACKAGE_URL ""
| #define PACKAGE "ode"
| #define VERSION "0.13"
| #define STDC_HEADERS 1
| #define HAVE_SYS_TYPES_H 1
| #define HAVE_SYS_STAT_H 1
| #define HAVE_STDLIB_H 1
| #define HAVE_STRING_H 1
| #define HAVE_MEMORY_H 1
| #define HAVE_STRINGS_H 1
| #define HAVE_INTTYPES_H 1
| #define HAVE_STDINT_H 1
| #define HAVE_UNISTD_H 1
| #define HAVE_DLFCN_H 1
| #define LT_OBJDIR ".libs/"
| /* end confdefs.h.  */
| #include <ac_nonexistent.h>
configure:12768: result: clang++-19 -E
configure:12788: clang++-19 -E  conftest.cpp
configure:12788: $? = 0
configure:12802: clang++-19 -E  conftest.cpp
conftest.cpp:23:10: fatal error: 'ac_nonexistent.h' file not found
   23 | #include <ac_nonexistent.h>
      |          ^~~~~~~~~~~~~~~~~~
1 error generated.
configure:12802: $? = 1
configure: failed program was:
| /* confdefs.h */
| #define PACKAGE_NAME "ODE"
| #define PACKAGE_TARNAME "ode"
| #define PACKAGE_VERSION "0.13"
| #define PACKAGE_STRING "ODE 0.13"
| #define PACKAGE_BUGREPORT "ode@ode.org"
| #define PACKAGE_URL ""
| #define PACKAGE "ode"
| #define VERSION "0.13"
| #define STDC_HEADERS 1
| #define HAVE_SYS_TYPES_H 1
| #define HAVE_SYS_STAT_H 1
| #define HAVE_STDLIB_H 1
| #define HAVE_STRING_H 1
| #define HAVE_MEMORY_H 1
| #define HAVE_STRINGS_H 1
| #define HAVE_INTTYPES_H 1
| #define HAVE_STDINT_H 1
| #define HAVE_UNISTD_H 1
| #define HAVE_DLFCN_H 1
| #define LT_OBJDIR ".libs/"
| /* end confdefs.h.  */
| #include <ac_nonexistent.h>
configure:12971: checking for ld used by clang++-19
configure:13038: result: /usr/bin/ld -m elf_x86_64
configure:13045: checking if the linker (/usr/bin/ld -m elf_x86_64) is GNU ld
configure:13060: result: yes
configure:13115: checking whether the clang++-19 linker (/usr/bin/ld -m elf_x86_64) supports shared libraries
configure:14121: result: yes
configure:14157: clang++-19 -c -g -O2 -mno-avx -mno-avx2 -mno-avx512f  conftest.cpp >&5
configure:14160: $? = 0
configure:14680: checking for clang++-19 option to produce PIC
configure:14687: result: -fPIC -DPIC
configure:14695: checking if clang++-19 PIC flag -fPIC -DPIC works
configure:14713: clang++-19 -c -g -O2 -mno-avx -mno-avx2 -mno-avx512f  -fPIC -DPIC -DPIC conftest.cpp >&5
configure:14717: $? = 0
configure:14730: result: yes
configure:14753: checking if clang++-19 static flag -static works
configure:14781: result: yes
configure:14793: checking if clang++-19 supports -c -o file.o
configure:14814: clang++-19 -c -g -O2 -mno-avx -mno-avx2 -mno-avx512f  -o out/conftest2.o conftest.cpp >&5
configure:14818: $? = 0
configure:14840: result: yes
configure:14845: checking if clang++-19 supports -c -o file.o
configure:14892: result: yes
configure:14922: checking whether the clang++-19 linker (/usr/bin/ld -m elf_x86_64) supports shared libraries
configure:14961: result: yes
configure:15102: checking dynamic linker characteristics
configure:15571: clang++-19 -c -g -O2 -mno-avx -mno-avx2 -mno-avx512f  conftest.cpp >&5
configure:15574: $? = 0
configure:15791: result: GNU/Linux ld.so
configure:15844: checking how to hardcode library paths into programs
configure:15869: result: immediate
configure:15979: checking for windres
configure:16009: result: no
configure:16031: checking whether byte ordering is bigendian
configure:16046: clang-19 -c -g -O2 -mno-avx -mno-avx2 -mno-avx512f  conftest.c >&5
conftest.c:24:9: error: unknown type name 'not'
   24 |                not a universal capable compiler
      |                ^
conftest.c:24:14: error: expected ';' after top level declarator
   24 |                not a universal capable compiler
      |                     ^
      |                     ;
2 errors generated.
configure:16046: $? = 1
configure: failed program was:
| /* confdefs.h */
| #define PACKAGE_NAME "ODE"
| #define PACKAGE_TARNAME "ode"
| #define PACKAGE_VERSION "0.13"
| #define PACKAGE_STRING "ODE 0.13"
| #define PACKAGE_BUGREPORT "ode@ode.org"
| #define PACKAGE_URL ""
| #define PACKAGE "ode"
| #define VERSION "0.13"
| #define STDC_HEADERS 1
| #define HAVE_SYS_TYPES_H 1
| #define HAVE_SYS_STAT_H 1
| #define HAVE_STDLIB_H 1
| #define HAVE_STRING_H 1
| #define HAVE_MEMORY_H 1
| #define HAVE_STRINGS_H 1
| #define HAVE_INTTYPES_H 1
| #define HAVE_STDINT_H 1
| #define HAVE_UNISTD_H 1
| #define HAVE_DLFCN_H 1
| #define LT_OBJDIR ".libs/"
| /* end confdefs.h.  */
| #ifndef __APPLE_CC__
| 	       not a universal capable compiler
| 	     #endif
| 	     typedef int dummy;
| 
configure:16091: clang-19 -c -g -O2 -mno-avx -mno-avx2 -mno-avx512f  conftest.c >&5
configure:16091: $? = 0
configure:16109: clang-19 -c -g -O2 -mno-avx -mno-avx2 -mno-avx512f  conftest.c >&5
conftest.c:30:4: error: use of undeclared identifier 'not'
   30 |                  not big endian
      |                  ^
1 error generated.
configure:16109: $? = 1
configure: failed program was:
| /* confdefs.h */
| #define PACKAGE_NAME "ODE"
| #define PACKAGE_TARNAME "ode"
| #define PACKAGE_VERSION "0.13"
| #define PACKAGE_STRING "ODE 0.13"
| #define PACKAGE_BUGREPORT "ode@ode.org"
| #define PACKAGE_URL ""
| #define PACKAGE "ode"
| #define VERSION "0.13"
| #define STDC_HEADERS 1
| #define HAVE_SYS_TYPES_H 1
| #define HAVE_SYS_STAT_H 1
| #define HAVE_STDLIB_H 1
| #define HAVE_STRING_H 1
| #define HAVE_MEMORY_H 1
| #define HAVE_STRINGS_H 1
| #define HAVE_INTTYPES_H 1
| #define HAVE_STDINT_H 1
| #define HAVE_UNISTD_H 1
| #define HAVE_DLFCN_H 1
| #define LT_OBJDIR ".libs/"
| /* end confdefs.h.  */
| #include <sys/types.h>
| 		#include <sys/param.h>
| 
| int
| main ()
| {
| #if BYTE_ORDER != BIG_ENDIAN
| 		 not big endian
| 		#endif
| 
|   ;
|   return 0;
| }
configure:16237: result: no
configure:16255: checking for inline
configure:16271: clang-19 -c -g -O2 -mno-avx -mno-avx2 -mno-avx512f  conftest.c >&5
configure:16271: $? = 0
configure:16279: result: inline
configure:16297: checking for working volatile
configure:16316: clang-19 -c -g -O2 -mno-avx -mno-avx2 -mno-avx512f  conftest.c >&5
configure:16316: $? = 0
configure:16323: result: yes
configure:16384: checking for pkg-config
configure:16417: result: no
configure:16489: checking alloca.h usability
configure:16489: clang-19 -c -g -O2 -mno-avx -mno-avx2 -mno-avx512f  conftest.c >&5
configure:16489: $? = 0
configure:16489: result: yes
configure:16489: checking alloca.h presence
configure:16489: clang-19 -E  conftest.c
configure:16489: $? = 0
configure:16489: result: yes
configure:16489: checking for alloca.h
configure:16489: result: yes
configure:16489: checking stdio.h usability
configure:16489: clang-19 -c -g -O2 -mno-avx -mno-avx2 -mno-avx512f  conftest.c >&5
configure:16489: $? = 0
configure:16489: result: yes
configure:16489: checking stdio.h presence
configure:16489: clang-19 -E  conftest.c
configure:16489: $? = 0
configure:16489: result: yes
configure:16489: checking for stdio.h
configure:16489: result: yes
configure:16489: checking for inttypes.h
configure:16489: result: yes
configure:16489: checking for stdint.h
configure:16489: result: yes
configure:16489: checking for stdlib.h
configure:16489: result: yes
configure:16489: checking math.h usability
configure:16489: clang-19 -c -g -O2 -mno-avx -mno-avx2 -mno-avx512f  conftest.c >&5
configure:16489: $? = 0
configure:16489: result: yes
configure:16489: checking math.h presence
configure:16489: clang-19 -E  conftest.c
configure:16489: $? = 0
configure:16489: result: yes
configure:16489: checking for math.h
configure:16489: result: yes
configure:16489: checking for string.h
configure:16489: result: yes
configure:16489: checking stdarg.h usability
configure:16489: clang-19 -c -g -O2 -mno-avx -mno-avx2 -mno-avx512f  conftest.c >&5
configure:16489: $? = 0
configure:16489: result: yes
configure:16489: checking stdarg.h presence
configure:16489: clang-19 -E  conftest.c
configure:16489: $? = 0
configure:16489: result: yes
configure:16489: checking for stdarg.h
configure:16489: result: yes
configure:16489: checking malloc.h usability
configure:16489: clang-19 -c -g -O2 -mno-avx -mno-avx2 -mno-avx512f  conftest.c >&5
configure:16489: $? = 0
configure:16489: result: yes
configure:16489: checking malloc.h presence
configure:16489: clang-19 -E  conftest.c
configure:16489: $? = 0
configure:16489: result: yes
configure:16489: checking for malloc.h
configure:16489: result: yes
configure:16489: checking float.h usability
configure:16489: clang-19 -c -g -O2 -mno-avx -mno-avx2 -mno-avx512f  conftest.c >&5
configure:16489: $? = 0
configure:16489: result: yes
configure:16489: checking float.h presence
configure:16489: clang-19 -E  conftest.c
configure:16489: $? = 0
configure:16489: result: yes
configure:16489: checking for float.h
configure:16489: result: yes
configure:16489: checking time.h usability
configure:16489: clang-19 -c -g -O2 -mno-avx -mno-avx2 -mno-avx512f  conftest.c >&5
configure:16489: $? = 0
configure:16489: result: yes
configure:16489: checking time.h presence
configure:16489: clang-19 -E  conftest.c
configure:16489: $? = 0
configure:16489: result: yes
configure:16489: checking for time.h
configure:16489: result: yes
configure:16489: checking sys/time.h usability
configure:16489: clang-19 -c -g -O2 -mno-avx -mno-avx2 -mno-avx512f  conftest.c >&5
configure:16489: $? = 0
configure:16489: result: yes
configure:16489: checking sys/time.h presence
configure:16489: clang-19 -E  conftest.c
configure:16489: $? = 0
configure:16489: result: yes
configure:16489: checking for sys/time.h
configure:16489: result: yes
configure:16489: checking limits.h usability
configure:16489: clang-19 -c -g -O2 -mno-avx -mno-avx2 -mno-avx512f  conftest.c >&5
configure:16489: $? = 0
configure:16489: result: yes
configure:16489: checking limits.h presence
configure:16489: clang-19 -E  conftest.c
configure:16489: $? = 0
configure:16489: result: yes
configure:16489: checking for limits.h
configure:16489: result: yes
configure:16489: checking stddef.h usability
configure:16489: clang-19 -c -g -O2 -mno-avx -mno-avx2 -mno-avx512f  conftest.c >&5
configure:16489: $? = 0
configure:16489: result: yes
configure:16489: checking stddef.h presence
configure:16489: clang-19 -E  conftest.c
configure:16489: $? = 0
configure:16489: result: yes
configure:16489: checking for stddef.h
configure:16489: result: yes
configure:16547: checking if double precision is requested
configure:16556: result: no
configure:16603: checking which drawstuff lib to build
configure:16605: result: X11
configure:16614: checking for X11
configure:16671: result: no
configure:16894: checking if demos should be built
configure:16905: result: no
configure:16907: WARNING: Demos will not be built because OpenGL doesn't seem to work. See `config.log' for details.
configure:16915: checking for main in -lstdc++
configure:16934: clang-19 -o conftest -g -O2 -mno-avx -mno-avx2 -mno-avx512f   conftest.c -lstdc++   >&5
configure:16934: $? = 0
configure:16943: result: yes
configure:16952: checking for main in -lpthread
configure:16971: clang-19 -o conftest -g -O2 -mno-avx -mno-avx2 -mno-avx512f   conftest.c -lpthread   >&5
configure:16971: $? = 0
configure:16980: result: yes
configure:17014: checking for gprof
configure:17064: result: no
configure:17069: checking for stdbool.h that conforms to C99
configure:17136: clang-19 -c -g -O2 -mno-avx -mno-avx2 -mno-avx512f  conftest.c >&5
conftest.c:87:24: warning: address of 's' will always evaluate to 'true' [-Wpointer-bool-conversion]
   87 |              bool e = &s;
      |                   ~    ^
conftest.c:92:40: warning: address of array 'p' will always evaluate to 'true' [-Wpointer-bool-conversion]
   92 |                      + !m + !n + !o + !p + !q + !pq);
      |                                       ~^
conftest.c:92:35: warning: address of array 'o' will always evaluate to 'true' [-Wpointer-bool-conversion]
   92 |                      + !m + !n + !o + !p + !q + !pq);
      |                                  ~^
conftest.c:92:30: warning: address of array 'n' will always evaluate to 'true' [-Wpointer-bool-conversion]
   92 |                      + !m + !n + !o + !p + !q + !pq);
      |                             ~^
conftest.c:91:63: warning: address of array 'i' will always evaluate to 'true' [-Wpointer-bool-conversion]
   91 |              return (!a + !b + !c + !d + !e + !f + !g + !h + !i + !!j + !k + !!l
      |                                                              ~^
conftest.c:91:58: warning: address of array 'h' will always evaluate to 'true' [-Wpointer-bool-conversion]
   91 |              return (!a + !b + !c + !d + !e + !f + !g + !h + !i + !!j + !k + !!l
      |                                                         ~^
conftest.c:91:53: warning: address of array 'g' will always evaluate to 'true' [-Wpointer-bool-conversion]
   91 |              return (!a + !b + !c + !d + !e + !f + !g + !h + !i + !!j + !k + !!l
      |                                                    ~^
conftest.c:91:48: warning: address of array 'f' will always evaluate to 'true' [-Wpointer-bool-conversion]
   91 |              return (!a + !b + !c + !d + !e + !f + !g + !h + !i + !!j + !k + !!l
      |                                               ~^
conftest.c:91:38: warning: address of array 'd' will always evaluate to 'true' [-Wpointer-bool-conversion]
   91 |              return (!a + !b + !c + !d + !e + !f + !g + !h + !i + !!j + !k + !!l
      |                                     ~^
conftest.c:91:33: warning: address of array 'c' will always evaluate to 'true' [-Wpointer-bool-conversion]
   91 |              return (!a + !b + !c + !d + !e + !f + !g + !h + !i + !!j + !k + !!l
      |                                ~^
conftest.c:91:28: warning: address of array 'b' will always evaluate to 'true' [-Wpointer-bool-conversion]
   91 |              return (!a + !b + !c + !d + !e + !f + !g + !h + !i + !!j + !k + !!l
      |                           ~^
conftest.c:91:23: warning: address of array 'a' will always evaluate to 'true' [-Wpointer-bool-conversion]
   91 |              return (!a + !b + !c + !d + !e + !f + !g + !h + !i + !!j + !k + !!l
      |                      ~^
12 warnings generated.
configure:17136: $? = 0
configure:17143: result: yes
configure:17145: checking for _Bool
configure:17145: clang-19 -c -g -O2 -mno-avx -mno-avx2 -mno-avx512f  conftest.c >&5
configure:17145: $? = 0
configure:17145: clang-19 -c -g -O2 -mno-avx -mno-avx2 -mno-avx512f  conftest.c >&5
conftest.c:74:20: error: expected expression
   74 | if (sizeof ((_Bool)))
      |                    ^
1 error generated.
configure:17145: $? = 1
configure: failed program was:
| /* confdefs.h */
| #define PACKAGE_NAME "ODE"
| #define PACKAGE_TARNAME "ode"
| #define PACKAGE_VERSION "0.13"
| #define PACKAGE_STRING "ODE 0.13"
| #define PACKAGE_BUGREPORT "ode@ode.org"
| #define PACKAGE_URL ""
| #define PACKAGE "ode"
| #define VERSION "0.13"
| #define STDC_HEADERS 1
| #define HAVE_SYS_TYPES_H 1
| #define HAVE_SYS_STAT_H 1
| #define HAVE_STDLIB_H 1
| #define HAVE_STRING_H 1
| #define HAVE_MEMORY_H 1
| #define HAVE_STRINGS_H 1
| #define HAVE_INTTYPES_H 1
| #define HAVE_STDINT_H 1
| #define HAVE_UNISTD_H 1
| #define HAVE_DLFCN_H 1
| #define LT_OBJDIR ".libs/"
| #define X86_64_SYSTEM 1
| #define HAVE_ALLOCA_H 1
| #define HAVE_STDIO_H 1
| #define HAVE_INTTYPES_H 1
| #define HAVE_STDINT_H 1
| #define HAVE_STDLIB_H 1
| #define HAVE_MATH_H 1
| #define HAVE_STRING_H 1
| #define HAVE_STDARG_H 1
| #define HAVE_MALLOC_H 1
| #define HAVE_FLOAT_H 1
| #define HAVE_TIME_H 1
| #define HAVE_SYS_TIME_H 1
| #define HAVE_LIMITS_H 1
| #define HAVE_STDDEF_H 1
| /* end confdefs.h.  */
| #include <stdio.h>
| #ifdef HAVE_SYS_TYPES_H
| # include <sys/types.h>
| #endif
| #ifdef HAVE_SYS_STAT_H
| # include <sys/stat.h>
| #endif
| #ifdef STDC_HEADERS
| # include <stdlib.h>
| # include <stddef.h>
| #else
| # ifdef HAVE_STDLIB_H
| #  include <stdlib.h>
| # endif
| #endif
| #ifdef HAVE_STRING_H
| # if !defined STDC_HEADERS && defined HAVE_MEMORY_H
| #  include <memory.h>
| # endif
| # include <string.h>
| #endif
| #ifdef HAVE_STRINGS_H
| # include <strings.h>
| #endif
| #ifdef HAVE_INTTYPES_H
| # include <inttypes.h>
| #endif
| #ifdef HAVE_STDINT_H
| # include <stdint.h>
| #endif
| #ifdef HAVE_UNISTD_H
| # include <unistd.h>
| #endif
| int
| main ()
| {
| if (sizeof ((_Bool)))
| 	    return 0;
|   ;
|   return 0;
| }
configure:17145: result: yes
configure:17162: checking for inline
configure:17186: result: inline
configure:17204: checking for int32_t
configure:17204: clang-19 -c -g -O2 -mno-avx -mno-avx2 -mno-avx512f  conftest.c >&5
configure:17204: $? = 0
configure:17204: clang-19 -c -g -O2 -mno-avx -mno-avx2 -mno-avx512f  conftest.c >&5
conftest.c:78:53: warning: overflow in expression; result is -2'147'483'648 with type 'int' [-Winteger-overflow]
   78 |                  < (int32_t) (((((int32_t) 1 << N) << N) - 1) * 2 + 2))];
      |                               ~~~~~~~~~~~~~~~~~~~~~~~~~~~~~~~~~~~~^~~
conftest.c:77:24: warning: variable length array folded to constant array as an extension [-Wgnu-folding-constant]
   77 | static int test_array [1 - 2 * !((int32_t) (((((int32_t) 1 << N) << N) - 1) * 2 + 1)
      |                        ^~~~~~~~~~~~~~~~~~~~~~~~~~~~~~~~~~~~~~~~~~~~~~~~~~~~~~~~~~~~~
   78 |                  < (int32_t) (((((int32_t) 1 << N) << N) - 1) * 2 + 2))];
      |                  ~~~~~~~~~~~~~~~~~~~~~~~~~~~~~~~~~~~~~~~~~~~~~~~~~~~~~~
conftest.c:78:53: note: value 2147483648 is outside the range of representable values of type 'int'
   78 |                  < (int32_t) (((((int32_t) 1 << N) << N) - 1) * 2 + 2))];
      |                                                                   ^
conftest.c:77:24: error: 'test_array' declared as an array with a negative size
   77 | static int test_array [1 - 2 * !((int32_t) (((((int32_t) 1 << N) << N) - 1) * 2 + 1)
      |                        ^~~~~~~~~~~~~~~~~~~~~~~~~~~~~~~~~~~~~~~~~~~~~~~~~~~~~~~~~~~~~
   78 |                  < (int32_t) (((((int32_t) 1 << N) << N) - 1) * 2 + 2))];
      |                  ~~~~~~~~~~~~~~~~~~~~~~~~~~~~~~~~~~~~~~~~~~~~~~~~~~~~~~
2 warnings and 1 error generated.
configure:17204: $? = 1
configure: failed program was:
| /* confdefs.h */
| #define PACKAGE_NAME "ODE"
| #define PACKAGE_TARNAME "ode"
| #define PACKAGE_VERSION "0.13"
| #define PACKAGE_STRING "ODE 0.13"
| #define PACKAGE_BUGREPORT "ode@ode.org"
| #define PACKAGE_URL ""
| #define PACKAGE "ode"
| #define VERSION "0.13"
| #define STDC_HEADERS 1
| #define HAVE_SYS_TYPES_H 1
| #define HAVE_SYS_STAT_H 1
| #define HAVE_STDLIB_H 1
| #define HAVE_STRING_H 1
| #define HAVE_MEMORY_H 1
| #define HAVE_STRINGS_H 1
| #define HAVE_INTTYPES_H 1
| #define HAVE_STDINT_H 1
| #define HAVE_UNISTD_H 1
| #define HAVE_DLFCN_H 1
| #define LT_OBJDIR ".libs/"
| #define X86_64_SYSTEM 1
| #define HAVE_ALLOCA_H 1
| #define HAVE_STDIO_H 1
| #define HAVE_INTTYPES_H 1
| #define HAVE_STDINT_H 1
| #define HAVE_STDLIB_H 1
| #define HAVE_MATH_H 1
| #define HAVE_STRING_H 1
| #define HAVE_STDARG_H 1
| #define HAVE_MALLOC_H 1
| #define HAVE_FLOAT_H 1
| #define HAVE_TIME_H 1
| #define HAVE_SYS_TIME_H 1
| #define HAVE_LIMITS_H 1
| #define HAVE_STDDEF_H 1
| #define HAVE__BOOL 1
| #define HAVE_STDBOOL_H 1
| /* end confdefs.h.  */
| #include <stdio.h>
| #ifdef HAVE_SYS_TYPES_H
| # include <sys/types.h>
| #endif
| #ifdef HAVE_SYS_STAT_H
| # include <sys/stat.h>
| #endif
| #ifdef STDC_HEADERS
| # include <stdlib.h>
| # include <stddef.h>
| #else
| # ifdef HAVE_STDLIB_H
| #  include <stdlib.h>
| # endif
| #endif
| #ifdef HAVE_STRING_H
| # if !defined STDC_HEADERS && defined HAVE_MEMORY_H
| #  include <memory.h>
| # endif
| # include <string.h>
| #endif
| #ifdef HAVE_STRINGS_H
| # include <strings.h>
| #endif
| #ifdef HAVE_INTTYPES_H
| # include <inttypes.h>
| #endif
| #ifdef HAVE_STDINT_H
| # include <stdint.h>
| #endif
| #ifdef HAVE_UNISTD_H
| # include <unistd.h>
| #endif
| 	        enum { N = 32 / 2 - 1 };
| int
| main ()
| {
| static int test_array [1 - 2 * !((int32_t) (((((int32_t) 1 << N) << N) - 1) * 2 + 1)
| 		 < (int32_t) (((((int32_t) 1 << N) << N) - 1) * 2 + 2))];
| test_array [0] = 0;
| return test_array [0];
| 
|   ;
|   return 0;
| }
configure:17204: result: yes
configure:17215: checking for obstacks
configure:17236: clang-19 -o conftest -g -O2 -mno-avx -mno-avx2 -mno-avx512f   conftest.c  -lpthread >&5
configure:17236: $? = 0
configure:17244: result: yes
configure:17259: checking for size_t
configure:17259: clang-19 -c -g -O2 -mno-avx -mno-avx2 -mno-avx512f  conftest.c >&5
configure:17259: $? = 0
configure:17259: clang-19 -c -g -O2 -mno-avx -mno-avx2 -mno-avx512f  conftest.c >&5
conftest.c:77:21: error: expected expression
   77 | if (sizeof ((size_t)))
      |                     ^
1 error generated.
configure:17259: $? = 1
configure: failed program was:
| /* confdefs.h */
| #define PACKAGE_NAME "ODE"
| #define PACKAGE_TARNAME "ode"
| #define PACKAGE_VERSION "0.13"
| #define PACKAGE_STRING "ODE 0.13"
| #define PACKAGE_BUGREPORT "ode@ode.org"
| #define PACKAGE_URL ""
| #define PACKAGE "ode"
| #define VERSION "0.13"
| #define STDC_HEADERS 1
| #define HAVE_SYS_TYPES_H 1
| #define HAVE_SYS_STAT_H 1
| #define HAVE_STDLIB_H 1
| #define HAVE_STRING_H 1
| #define HAVE_MEMORY_H 1
| #define HAVE_STRINGS_H 1
| #define HAVE_INTTYPES_H 1
| #define HAVE_STDINT_H 1
| #define HAVE_UNISTD_H 1
| #define HAVE_DLFCN_H 1
| #define LT_OBJDIR ".libs/"
| #define X86_64_SYSTEM 1
| #define HAVE_ALLOCA_H 1
| #define HAVE_STDIO_H 1
| #define HAVE_INTTYPES_H 1
| #define HAVE_STDINT_H 1
| #define HAVE_STDLIB_H 1
| #define HAVE_MATH_H 1
| #define HAVE_STRING_H 1
| #define HAVE_STDARG_H 1
| #define HAVE_MALLOC_H 1
| #define HAVE_FLOAT_H 1
| #define HAVE_TIME_H 1
| #define HAVE_SYS_TIME_H 1
| #define HAVE_LIMITS_H 1
| #define HAVE_STDDEF_H 1
| #define HAVE__BOOL 1
| #define HAVE_STDBOOL_H 1
| #define HAVE_OBSTACK 1
| /* end confdefs.h.  */
| #include <stdio.h>
| #ifdef HAVE_SYS_TYPES_H
| # include <sys/types.h>
| #endif
| #ifdef HAVE_SYS_STAT_H
| # include <sys/stat.h>
| #endif
| #ifdef STDC_HEADERS
| # include <stdlib.h>
| # include <stddef.h>
| #else
| # ifdef HAVE_STDLIB_H
| #  include <stdlib.h>
| # endif
| #endif
| #ifdef HAVE_STRING_H
| # if !defined STDC_HEADERS && defined HAVE_MEMORY_H
| #  include <memory.h>
| # endif
| # include <string.h>
| #endif
| #ifdef HAVE_STRINGS_H
| # include <strings.h>
| #endif
| #ifdef HAVE_INTTYPES_H
| # include <inttypes.h>
| #endif
| #ifdef HAVE_STDINT_H
| # include <stdint.h>
| #endif
| #ifdef HAVE_UNISTD_H
| # include <unistd.h>
| #endif
| int
| main ()
| {
| if (sizeof ((size_t)))
| 	    return 0;
|   ;
|   return 0;
| }
configure:17259: result: yes
configure:17270: checking for uint32_t
configure:17270: clang-19 -c -g -O2 -mno-avx -mno-avx2 -mno-avx512f  conftest.c >&5
configure:17270: $? = 0
configure:17270: result: yes
configure:17285: checking for main in -lm
configure:17304: clang-19 -o conftest -g -O2 -mno-avx -mno-avx2 -mno-avx512f   conftest.c -lm   -lpthread >&5
configure:17304: $? = 0
configure:17313: result: yes
configure:17324: checking for main in -lsunmath
configure:17343: clang-19 -o conftest -g -O2 -mno-avx -mno-avx2 -mno-avx512f   conftest.c -lsunmath  -lm  -lpthread >&5
/usr/bin/ld: cannot find -lsunmath: No such file or directory
clang-19: error: linker command failed with exit code 1 (use -v to see invocation)
configure:17343: $? = 1
configure: failed program was:
| /* confdefs.h */
| #define PACKAGE_NAME "ODE"
| #define PACKAGE_TARNAME "ode"
| #define PACKAGE_VERSION "0.13"
| #define PACKAGE_STRING "ODE 0.13"
| #define PACKAGE_BUGREPORT "ode@ode.org"
| #define PACKAGE_URL ""
| #define PACKAGE "ode"
| #define VERSION "0.13"
| #define STDC_HEADERS 1
| #define HAVE_SYS_TYPES_H 1
| #define HAVE_SYS_STAT_H 1
| #define HAVE_STDLIB_H 1
| #define HAVE_STRING_H 1
| #define HAVE_MEMORY_H 1
| #define HAVE_STRINGS_H 1
| #define HAVE_INTTYPES_H 1
| #define HAVE_STDINT_H 1
| #define HAVE_UNISTD_H 1
| #define HAVE_DLFCN_H 1
| #define LT_OBJDIR ".libs/"
| #define X86_64_SYSTEM 1
| #define HAVE_ALLOCA_H 1
| #define HAVE_STDIO_H 1
| #define HAVE_INTTYPES_H 1
| #define HAVE_STDINT_H 1
| #define HAVE_STDLIB_H 1
| #define HAVE_MATH_H 1
| #define HAVE_STRING_H 1
| #define HAVE_STDARG_H 1
| #define HAVE_MALLOC_H 1
| #define HAVE_FLOAT_H 1
| #define HAVE_TIME_H 1
| #define HAVE_SYS_TIME_H 1
| #define HAVE_LIMITS_H 1
| #define HAVE_STDDEF_H 1
| #define HAVE__BOOL 1
| #define HAVE_STDBOOL_H 1
| #define HAVE_OBSTACK 1
| #define HAVE_LIBM 1
| /* end confdefs.h.  */
| 
| 
| int
| main ()
| {
| return main ();
|   ;
|   return 0;
| }
configure:17352: result: no
configure:17366: checking for floor
configure:17366: clang-19 -o conftest -g -O2 -mno-avx -mno-avx2 -mno-avx512f   conftest.c -lm  -lpthread >&5
conftest.c:65:6: warning: incompatible redeclaration of library function 'floor' [-Wincompatible-library-redeclaration]
   65 | char floor ();
      |      ^
conftest.c:65:6: note: 'floor' is a builtin with type 'double (double)'
1 warning generated.
configure:17366: $? = 0
configure:17366: result: yes
configure:17366: checking for memmove
configure:17366: clang-19 -o conftest -g -O2 -mno-avx -mno-avx2 -mno-avx512f   conftest.c -lm  -lpthread >&5
conftest.c:66:6: warning: incompatible redeclaration of library function 'memmove' [-Wincompatible-library-redeclaration]
   66 | char memmove ();
      |      ^
conftest.c:66:6: note: 'memmove' is a builtin with type 'void *(void *, const void *, unsigned long)'
1 warning generated.
configure:17366: $? = 0
configure:17366: result: yes
configure:17366: checking for memset
configure:17366: clang-19 -o conftest -g -O2 -mno-avx -mno-avx2 -mno-avx512f   conftest.c -lm  -lpthread >&5
conftest.c:67:6: warning: incompatible redeclaration of library function 'memset' [-Wincompatible-library-redeclaration]
   67 | char memset ();
      |      ^
conftest.c:67:6: note: 'memset' is a builtin with type 'void *(void *, int, unsigned long)'
1 warning generated.
configure:17366: $? = 0
configure:17366: result: yes
configure:17366: checking for sqrt
configure:17366: clang-19 -o conftest -g -O2 -mno-avx -mno-avx2 -mno-avx512f   conftest.c -lm  -lpthread >&5
conftest.c:68:6: warning: incompatible redeclaration of library function 'sqrt' [-Wincompatible-library-redeclaration]
   68 | char sqrt ();
      |      ^
conftest.c:68:6: note: 'sqrt' is a builtin with type 'double (double)'
1 warning generated.
configure:17366: $? = 0
configure:17366: result: yes
configure:17366: checking for sqrtf
configure:17366: clang-19 -o conftest -g -O2 -mno-avx -mno-avx2 -mno-avx512f   conftest.c -lm  -lpthread >&5
conftest.c:69:6: warning: incompatible redeclaration of library function 'sqrtf' [-Wincompatible-library-redeclaration]
   69 | char sqrtf ();
      |      ^
conftest.c:69:6: note: 'sqrtf' is a builtin with type 'float (float)'
1 warning generated.
configure:17366: $? = 0
configure:17366: result: yes
configure:17366: checking for sinf
configure:17366: clang-19 -o conftest -g -O2 -mno-avx -mno-avx2 -mno-avx512f   conftest.c -lm  -lpthread >&5
conftest.c:70:6: warning: incompatible redeclaration of library function 'sinf' [-Wincompatible-library-redeclaration]
   70 | char sinf ();
      |      ^
conftest.c:70:6: note: 'sinf' is a builtin with type 'float (float)'
1 warning generated.
configure:17366: $? = 0
configure:17366: result: yes
configure:17366: checking for cosf
configure:17366: clang-19 -o conftest -g -O2 -mno-avx -mno-avx2 -mno-avx512f   conftest.c -lm  -lpthread >&5
conftest.c:71:6: warning: incompatible redeclaration of library function 'cosf' [-Wincompatible-library-redeclaration]
   71 | char cosf ();
      |      ^
conftest.c:71:6: note: 'cosf' is a builtin with type 'float (float)'
1 warning generated.
configure:17366: $? = 0
configure:17366: result: yes
configure:17366: checking for fabsf
configure:17366: clang-19 -o conftest -g -O2 -mno-avx -mno-avx2 -mno-avx512f   conftest.c -lm  -lpthread >&5
conftest.c:72:6: warning: incompatible redeclaration of library function 'fabsf' [-Wincompatible-library-redeclaration]
   72 | char fabsf ();
      |      ^
conftest.c:72:6: note: 'fabsf' is a builtin with type 'float (float)'
1 warning generated.
configure:17366: $? = 0
configure:17366: result: yes
configure:17366: checking for atan2f
configure:17366: clang-19 -o conftest -g -O2 -mno-avx -mno-avx2 -mno-avx512f   conftest.c -lm  -lpthread >&5
conftest.c:73:6: warning: incompatible redeclaration of library function 'atan2f' [-Wincompatible-library-redeclaration]
   73 | char atan2f ();
      |      ^
conftest.c:73:6: note: 'atan2f' is a builtin with type 'float (float, float)'
1 warning generated.
configure:17366: $? = 0
configure:17366: result: yes
configure:17366: checking for fmodf
configure:17366: clang-19 -o conftest -g -O2 -mno-avx -mno-avx2 -mno-avx512f   conftest.c -lm  -lpthread >&5
conftest.c:74:6: warning: incompatible redeclaration of library function 'fmodf' [-Wincompatible-library-redeclaration]
   74 | char fmodf ();
      |      ^
conftest.c:74:6: note: 'fmodf' is a builtin with type 'float (float, float)'
1 warning generated.
configure:17366: $? = 0
configure:17366: result: yes
configure:17366: checking for copysignf
configure:17366: clang-19 -o conftest -g -O2 -mno-avx -mno-avx2 -mno-avx512f   conftest.c -lm  -lpthread >&5
conftest.c:75:6: warning: incompatible redeclaration of library function 'copysignf' [-Wincompatible-library-redeclaration]
   75 | char copysignf ();
      |      ^
conftest.c:75:6: note: 'copysignf' is a builtin with type 'float (float, float)'
1 warning generated.
configure:17366: $? = 0
configure:17366: result: yes
configure:17366: checking for copysign
configure:17366: clang-19 -o conftest -g -O2 -mno-avx -mno-avx2 -mno-avx512f   conftest.c -lm  -lpthread >&5
conftest.c:76:6: warning: incompatible redeclaration of library function 'copysign' [-Wincompatible-library-redeclaration]
   76 | char copysign ();
      |      ^
conftest.c:76:6: note: 'copysign' is a builtin with type 'double (double, double)'
1 warning generated.
configure:17366: $? = 0
configure:17366: result: yes
configure:17366: checking for snprintf
configure:17366: clang-19 -o conftest -g -O2 -mno-avx -mno-avx2 -mno-avx512f   conftest.c -lm  -lpthread >&5
conftest.c:77:6: warning: incompatible redeclaration of library function 'snprintf' [-Wincompatible-library-redeclaration]
   77 | char snprintf ();
      |      ^
conftest.c:77:6: note: 'snprintf' is a builtin with type 'int (char *restrict, unsigned long, const char *restrict, ...)'
1 warning generated.
configure:17366: $? = 0
configure:17366: result: yes
configure:17366: checking for vsnprintf
configure:17366: clang-19 -o conftest -g -O2 -mno-avx -mno-avx2 -mno-avx512f   conftest.c -lm  -lpthread >&5
conftest.c:78:6: warning: incompatible redeclaration of library function 'vsnprintf' [-Wincompatible-library-redeclaration]
   78 | char vsnprintf ();
      |      ^
conftest.c:78:6: note: 'vsnprintf' is a builtin with type 'int (char *restrict, unsigned long, const char *restrict, struct __va_list_tag *)'
1 warning generated.
configure:17366: $? = 0
configure:17366: result: yes
configure:17366: checking for gettimeofday
configure:17366: clang-19 -o conftest -g -O2 -mno-avx -mno-avx2 -mno-avx512f   conftest.c -lm  -lpthread >&5
configure:17366: $? = 0
configure:17366: result: yes
configure:17366: checking for isnan
configure:17366: clang-19 -o conftest -g -O2 -mno-avx -mno-avx2 -mno-avx512f   conftest.c -lm  -lpthread >&5
configure:17366: $? = 0
configure:17366: result: yes
configure:17366: checking for isnanf
configure:17366: clang-19 -o conftest -g -O2 -mno-avx -mno-avx2 -mno-avx512f   conftest.c -lm  -lpthread >&5
configure:17366: $? = 0
configure:17366: result: yes
configure:17366: checking for _isnan
configure:17366: clang-19 -o conftest -g -O2 -mno-avx -mno-avx2 -mno-avx512f   conftest.c -lm  -lpthread >&5
/usr/bin/ld: /tmp/conftest-85af1a.o: in function `main':
/workspaces/networkedphysics-gdc2015/external/ode/conftest.c:93: undefined reference to `_isnan'
clang-19: error: linker command failed with exit code 1 (use -v to see invocation)
configure:17366: $? = 1
configure: failed program was:
| /* confdefs.h */
| #define PACKAGE_NAME "ODE"
| #define PACKAGE_TARNAME "ode"
| #define PACKAGE_VERSION "0.13"
| #define PACKAGE_STRING "ODE 0.13"
| #define PACKAGE_BUGREPORT "ode@ode.org"
| #define PACKAGE_URL ""
| #define PACKAGE "ode"
| #define VERSION "0.13"
| #define STDC_HEADERS 1
| #define HAVE_SYS_TYPES_H 1
| #define HAVE_SYS_STAT_H 1
| #define HAVE_STDLIB_H 1
| #define HAVE_STRING_H 1
| #define HAVE_MEMORY_H 1
| #define HAVE_STRINGS_H 1
| #define HAVE_INTTYPES_H 1
| #define HAVE_STDINT_H 1
| #define HAVE_UNISTD_H 1
| #define HAVE_DLFCN_H 1
| #define LT_OBJDIR ".libs/"
| #define X86_64_SYSTEM 1
| #define HAVE_ALLOCA_H 1
| #define HAVE_STDIO_H 1
| #define HAVE_INTTYPES_H 1
| #define HAVE_STDINT_H 1
| #define HAVE_STDLIB_H 1
| #define HAVE_MATH_H 1
| #define HAVE_STRING_H 1
| #define HAVE_STDARG_H 1
| #define HAVE_MALLOC_H 1
| #define HAVE_FLOAT_H 1
| #define HAVE_TIME_H 1
| #define HAVE_SYS_TIME_H 1
| #define HAVE_LIMITS_H 1
| #define HAVE_STDDEF_H 1
| #define HAVE__BOOL 1
| #define HAVE_STDBOOL_H 1
| #define HAVE_OBSTACK 1
| #define HAVE_LIBM 1
| #define HAVE_FLOOR 1
| #define HAVE_MEMMOVE 1
| #define HAVE_MEMSET 1
| #define HAVE_SQRT 1
| #define HAVE_SQRTF 1
| #define HAVE_SINF 1
| #define HAVE_COSF 1
| #define HAVE_FABSF 1
| #define HAVE_ATAN2F 1
| #define HAVE_FMODF 1
| #define HAVE_COPYSIGNF 1
| #define HAVE_COPYSIGN 1
| #define HAVE_SNPRINTF 1
| #define HAVE_VSNPRINTF 1
| #define HAVE_GETTIMEOFDAY 1
| #define HAVE_ISNAN 1
| #define HAVE_ISNANF 1
| /* end confdefs.h.  */
| /* Define _isnan to an innocuous variant, in case <limits.h> declares _isnan.
|    For example, HP-UX 11i <limits.h> declares gettimeofday.  */
| #define _isnan innocuous__isnan
| 
| /* System header to define __stub macros and hopefully few prototypes,
|     which can conflict with char _isnan (); below.
|     Prefer <limits.h> to <assert.h> if __STDC__ is defined, since
|     <limits.h> exists even on freestanding compilers.  */
| 
| #ifdef __STDC__
| # include <limits.h>
| #else
| # include <assert.h>
| #endif
| 
| #undef _isnan
| 
| /* Override any GCC internal prototype to avoid an error.
|    Use char because int might match the return type of a GCC
|    builtin and then its argument prototype would still apply.  */
| #ifdef __cplusplus
| extern "C"
| #endif
| char _isnan ();
| /* The GNU C library defines this for functions which it implements
|     to always fail with ENOSYS.  Some functions are actually named
|     something starting with __ and the normal name is an alias.  */
| #if defined __stub__isnan || defined __stub____isnan
| choke me
| #endif
| 
| int
| main ()
| {
| return _isnan ();
|   ;
|   return 0;
| }
configure:17366: result: no
configure:17366: checking for _isnanf
configure:17366: clang-19 -o conftest -g -O2 -mno-avx -mno-avx2 -mno-avx512f   conftest.c -lm  -lpthread >&5
/usr/bin/ld: /tmp/conftest-ac19fb.o: in function `main':
/workspaces/networkedphysics-gdc2015/external/ode/conftest.c:93: undefined reference to `_isnanf'
clang-19: error: linker command failed with exit code 1 (use -v to see invocation)
configure:17366: $? = 1
configure: failed program was:
| /* confdefs.h */
| #define PACKAGE_NAME "ODE"
| #define PACKAGE_TARNAME "ode"
| #define PACKAGE_VERSION "0.13"
| #define PACKAGE_STRING "ODE 0.13"
| #define PACKAGE_BUGREPORT "ode@ode.org"
| #define PACKAGE_URL ""
| #define PACKAGE "ode"
| #define VERSION "0.13"
| #define STDC_HEADERS 1
| #define HAVE_SYS_TYPES_H 1
| #define HAVE_SYS_STAT_H 1
| #define HAVE_STDLIB_H 1
| #define HAVE_STRING_H 1
| #define HAVE_MEMORY_H 1
| #define HAVE_STRINGS_H 1
| #define HAVE_INTTYPES_H 1
| #define HAVE_STDINT_H 1
| #define HAVE_UNISTD_H 1
| #define HAVE_DLFCN_H 1
| #define LT_OBJDIR ".libs/"
| #define X86_64_SYSTEM 1
| #define HAVE_ALLOCA_H 1
| #define HAVE_STDIO_H 1
| #define HAVE_INTTYPES_H 1
| #define HAVE_STDINT_H 1
| #define HAVE_STDLIB_H 1
| #define HAVE_MATH_H 1
| #define HAVE_STRING_H 1
| #define HAVE_STDARG_H 1
| #define HAVE_MALLOC_H 1
| #define HAVE_FLOAT_H 1
| #define HAVE_TIME_H 1
| #define HAVE_SYS_TIME_H 1
| #define HAVE_LIMITS_H 1
| #define HAVE_STDDEF_H 1
| #define HAVE__BOOL 1
| #define HAVE_STDBOOL_H 1
| #define HAVE_OBSTACK 1
| #define HAVE_LIBM 1
| #define HAVE_FLOOR 1
| #define HAVE_MEMMOVE 1
| #define HAVE_MEMSET 1
| #define HAVE_SQRT 1
| #define HAVE_SQRTF 1
| #define HAVE_SINF 1
| #define HAVE_COSF 1
| #define HAVE_FABSF 1
| #define HAVE_ATAN2F 1
| #define HAVE_FMODF 1
| #define HAVE_COPYSIGNF 1
| #define HAVE_COPYSIGN 1
| #define HAVE_SNPRINTF 1
| #define HAVE_VSNPRINTF 1
| #define HAVE_GETTIMEOFDAY 1
| #define HAVE_ISNAN 1
| #define HAVE_ISNANF 1
| /* end confdefs.h.  */
| /* Define _isnanf to an innocuous variant, in case <limits.h> declares _isnanf.
|    For example, HP-UX 11i <limits.h> declares gettimeofday.  */
| #define _isnanf innocuous__isnanf
| 
| /* System header to define __stub macros and hopefully few prototypes,
|     which can conflict with char _isnanf (); below.
|     Prefer <limits.h> to <assert.h> if __STDC__ is defined, since
|     <limits.h> exists even on freestanding compilers.  */
| 
| #ifdef __STDC__
| # include <limits.h>
| #else
| # include <assert.h>
| #endif
| 
| #undef _isnanf
| 
| /* Override any GCC internal prototype to avoid an error.
|    Use char because int might match the return type of a GCC
|    builtin and then its argument prototype would still apply.  */
| #ifdef __cplusplus
| extern "C"
| #endif
| char _isnanf ();
| /* The GNU C library defines this for functions which it implements
|     to always fail with ENOSYS.  Some functions are actually named
|     something starting with __ and the normal name is an alias.  */
| #if defined __stub__isnanf || defined __stub____isnanf
| choke me
| #endif
| 
| int
| main ()
| {
| return _isnanf ();
|   ;
|   return 0;
| }
configure:17366: result: no
configure:17366: checking for __isnan
configure:17366: clang-19 -o conftest -g -O2 -mno-avx -mno-avx2 -mno-avx512f   conftest.c -lm  -lpthread >&5
configure:17366: $? = 0
configure:17366: result: yes
configure:17366: checking for __isnanf
configure:17366: clang-19 -o conftest -g -O2 -mno-avx -mno-avx2 -mno-avx512f   conftest.c -lm  -lpthread >&5
configure:17366: $? = 0
configure:17366: result: yes
configure:17366: checking for strchr
configure:17366: clang-19 -o conftest -g -O2 -mno-avx -mno-avx2 -mno-avx512f   conftest.c -lm  -lpthread >&5
conftest.c:84:6: warning: incompatible redeclaration of library function 'strchr' [-Wincompatible-library-redeclaration]
   84 | char strchr ();
      |      ^
conftest.c:84:6: note: 'strchr' is a builtin with type 'char *(const char *, int)'
1 warning generated.
configure:17366: $? = 0
configure:17366: result: yes
configure:17366: checking for strstr
configure:17366: clang-19 -o conftest -g -O2 -mno-avx -mno-avx2 -mno-avx512f   conftest.c -lm  -lpthread >&5
conftest.c:85:6: warning: incompatible redeclaration of library function 'strstr' [-Wincompatible-library-redeclaration]
   85 | char strstr ();
      |      ^
conftest.c:85:6: note: 'strstr' is a builtin with type 'char *(const char *, const char *)'
1 warning generated.
configure:17366: $? = 0
configure:17366: result: yes
configure:17366: checking for pthread_attr_setstacklazy
configure:17366: clang-19 -o conftest -g -O2 -mno-avx -mno-avx2 -mno-avx512f   conftest.c -lm  -lpthread >&5
/usr/bin/ld: /tmp/conftest-15cfea.o: in function `main':
/workspaces/networkedphysics-gdc2015/external/ode/conftest.c:97: undefined reference to `pthread_attr_setstacklazy'
clang-19: error: linker command failed with exit code 1 (use -v to see invocation)
configure:17366: $? = 1
configure: failed program was:
| /* confdefs.h */
| #define PACKAGE_NAME "ODE"
| #define PACKAGE_TARNAME "ode"
| #define PACKAGE_VERSION "0.13"
| #define PACKAGE_STRING "ODE 0.13"
| #define PACKAGE_BUGREPORT "ode@ode.org"
| #define PACKAGE_URL ""
| #define PACKAGE "ode"
| #define VERSION "0.13"
| #define STDC_HEADERS 1
| #define HAVE_SYS_TYPES_H 1
| #define HAVE_SYS_STAT_H 1
| #define HAVE_STDLIB_H 1
| #define HAVE_STRING_H 1
| #define HAVE_MEMORY_H 1
| #define HAVE_STRINGS_H 1
| #define HAVE_INTTYPES_H 1
| #define HAVE_STDINT_H 1
| #define HAVE_UNISTD_H 1
| #define HAVE_DLFCN_H 1
| #define LT_OBJDIR ".libs/"
| #define X86_64_SYSTEM 1
| #define HAVE_ALLOCA_H 1
| #define HAVE_STDIO_H 1
| #define HAVE_INTTYPES_H 1
| #define HAVE_STDINT_H 1
| #define HAVE_STDLIB_H 1
| #define HAVE_MATH_H 1
| #define HAVE_STRING_H 1
| #define HAVE_STDARG_H 1
| #define HAVE_MALLOC_H 1
| #define HAVE_FLOAT_H 1
| #define HAVE_TIME_H 1
| #define HAVE_SYS_TIME_H 1
| #define HAVE_LIMITS_H 1
| #define HAVE_STDDEF_H 1
| #define HAVE__BOOL 1
| #define HAVE_STDBOOL_H 1
| #define HAVE_OBSTACK 1
| #define HAVE_LIBM 1
| #define HAVE_FLOOR 1
| #define HAVE_MEMMOVE 1
| #define HAVE_MEMSET 1
| #define HAVE_SQRT 1
| #define HAVE_SQRTF 1
| #define HAVE_SINF 1
| #define HAVE_COSF 1
| #define HAVE_FABSF 1
| #define HAVE_ATAN2F 1
| #define HAVE_FMODF 1
| #define HAVE_COPYSIGNF 1
| #define HAVE_COPYSIGN 1
| #define HAVE_SNPRINTF 1
| #define HAVE_VSNPRINTF 1
| #define HAVE_GETTIMEOFDAY 1
| #define HAVE_ISNAN 1
| #define HAVE_ISNANF 1
| #define HAVE___ISNAN 1
| #define HAVE___ISNANF 1
| #define HAVE_STRCHR 1
| #define HAVE_STRSTR 1
| /* end confdefs.h.  */
| /* Define pthread_attr_setstacklazy to an innocuous variant, in case <limits.h> declares pthread_attr_setstacklazy.
|    For example, HP-UX 11i <limits.h> declares gettimeofday.  */
| #define pthread_attr_setstacklazy innocuous_pthread_attr_setstacklazy
| 
| /* System header to define __stub macros and hopefully few prototypes,
|     which can conflict with char pthread_attr_setstacklazy (); below.
|     Prefer <limits.h> to <assert.h> if __STDC__ is defined, since
|     <limits.h> exists even on freestanding compilers.  */
| 
| #ifdef __STDC__
| # include <limits.h>
| #else
| # include <assert.h>
| #endif
| 
| #undef pthread_attr_setstacklazy
| 
| /* Override any GCC internal prototype to avoid an error.
|    Use char because int might match the return type of a GCC
|    builtin and then its argument prototype would still apply.  */
| #ifdef __cplusplus
| extern "C"
| #endif
| char pthread_attr_setstacklazy ();
| /* The GNU C library defines this for functions which it implements
|     to always fail with ENOSYS.  Some functions are actually named
|     something starting with __ and the normal name is an alias.  */
| #if defined __stub_pthread_attr_setstacklazy || defined __stub___pthread_attr_setstacklazy
| choke me
| #endif
| 
| int
| main ()
| {
| return pthread_attr_setstacklazy ();
|   ;
|   return 0;
| }
configure:17366: result: no
configure:17377: checking for working alloca.h
configure:17394: clang-19 -o conftest -g -O2 -mno-avx -mno-avx2 -mno-avx512f   conftest.c -lm  -lpthread >&5
configure:17394: $? = 0
configure:17402: result: yes
configure:17410: checking for alloca
configure:17447: clang-19 -o conftest -g -O2 -mno-avx -mno-avx2 -mno-avx512f   conftest.c -lm  -lpthread >&5
configure:17447: $? = 0
configure:17455: result: yes
configure:17993: checking that generated files are newer than configure
configure:17999: result: done
configure:18103: creating ./config.status

## ---------------------- ##
## Running config.status. ##
## ---------------------- ##

This file was extended by ODE config.status 0.13, which was
generated by GNU Autoconf 2.69.  Invocation command line was

  CONFIG_FILES    = 
  CONFIG_HEADERS  = 
  CONFIG_LINKS    = 
  CONFIG_COMMANDS = 
  $ ./config.status 

on ea488ce14096

config.status:1269: creating Makefile
config.status:1269: creating drawstuff/Makefile
config.status:1269: creating drawstuff/src/Makefile
config.status:1269: creating drawstuff/dstest/Makefile
config.status:1269: creating include/Makefile
config.status:1269: creating include/drawstuff/Makefile
config.status:1269: creating include/ode/Makefile
config.status:1269: creating include/ode/precision.h
config.status:1269: creating ode/Makefile
config.status:1269: creating ode/src/Makefile
config.status:1269: creating ode/src/joints/Makefile
config.status:1269: creating ode/demo/Makefile
config.status:1269: creating OPCODE/Makefile
config.status:1269: creating OPCODE/Ice/Makefile
config.status:1269: creating GIMPACT/Makefile
config.status:1269: creating GIMPACT/include/Makefile
config.status:1269: creating GIMPACT/include/GIMPACT/Makefile
config.status:1269: creating GIMPACT/src/Makefile
config.status:1269: creating tests/Makefile
config.status:1269: creating tests/joints/Makefile
config.status:1269: creating tests/UnitTest++/Makefile
config.status:1269: creating tests/UnitTest++/src/Makefile
config.status:1269: creating tests/UnitTest++/src/Posix/Makefile
config.status:1269: creating tests/UnitTest++/src/Win32/Makefile
config.status:1269: creating ode-config
config.status:1269: creating ode.pc
config.status:1269: creating ode/src/config.h
config.status:1450: ode/src/config.h is unchanged
config.status:1498: executing depfiles commands
config.status:1498: executing libtool commands
configure:20689: === configuring in ou (/workspaces/networkedphysics-gdc2015/external/ode/ou)
configure:20752: running /bin/bash ./configure --disable-option-checking '--prefix=/usr/local'  'CFLAGS=-g -O2 -mno-avx -mno-avx2 -mno-avx512f' 'CXXFLAGS=-g -O2 -mno-avx -mno-avx2 -mno-avx512f' 'CXX=clang++-19' 'CC=clang-19' --cache-file=/dev/null --srcdir=.
configure:20689: === configuring in libccd (/workspaces/networkedphysics-gdc2015/external/ode/libccd)
configure:20752: running /bin/bash ./configure --disable-option-checking '--prefix=/usr/local'  'CFLAGS=-g -O2 -mno-avx -mno-avx2 -mno-avx512f' 'CXXFLAGS=-g -O2 -mno-avx -mno-avx2 -mno-avx512f' 'CXX=clang++-19' 'CC=clang-19' --cache-file=/dev/null --srcdir=.

## ---------------- ##
## Cache variables. ##
## ---------------- ##

ac_cv_build=x86_64-unknown-linux-gnu
ac_cv_c_bigendian=no
ac_cv_c_compiler_gnu=yes
ac_cv_c_inline=inline
ac_cv_c_int32_t=yes
ac_cv_c_uint32_t=yes
ac_cv_c_volatile=yes
ac_cv_cxx_compiler_gnu=yes
ac_cv_env_CCC_set=
ac_cv_env_CCC_value=
ac_cv_env_CC_set=set
ac_cv_env_CC_value=clang-19
ac_cv_env_CFLAGS_set=set
ac_cv_env_CFLAGS_value='-g -O2 -mno-avx -mno-avx2 -mno-avx512f'
ac_cv_env_CPPFLAGS_set=
ac_cv_env_CPPFLAGS_value=
ac_cv_env_CPP_set=
ac_cv_env_CPP_value=
ac_cv_env_CXXCPP_set=
ac_cv_env_CXXCPP_value=
ac_cv_env_CXXFLAGS_set=set
ac_cv_env_CXXFLAGS_value='-g -O2 -mno-avx -mno-avx2 -mno-avx512f'
ac_cv_env_CXX_set=set
ac_cv_env_CXX_value=clang++-19
ac_cv_env_LDFLAGS_set=
ac_cv_env_LDFLAGS_value=
ac_cv_env_LIBS_set=
ac_cv_env_LIBS_value=
ac_cv_env_PKG_CONFIG_LIBDIR_set=
ac_cv_env_PKG_CONFIG_LIBDIR_value=
ac_cv_env_PKG_CONFIG_PATH_set=
ac_cv_env_PKG_CONFIG_PATH_value=
ac_cv_env_PKG_CONFIG_set=
ac_cv_env_PKG_CONFIG_value=
ac_cv_env_X11_CFLAGS_set=
ac_cv_env_X11_CFLAGS_value=
ac_cv_env_X11_LIBS_set=
ac_cv_env_X11_LIBS_value=
ac_cv_env_build_alias_set=
ac_cv_env_build_alias_value=
ac_cv_env_host_alias_set=
ac_cv_env_host_alias_value=
ac_cv_env_target_alias_set=
ac_cv_env_target_alias_value=
ac_cv_func___isnan=yes
ac_cv_func___isnanf=yes
ac_cv_func__isnan=no
ac_cv_func__isnanf=no
ac_cv_func_alloca_works=yes
ac_cv_func_atan2f=yes
ac_cv_func_copysign=yes
ac_cv_func_copysignf=yes
ac_cv_func_cosf=yes
ac_cv_func_fabsf=yes
ac_cv_func_floor=yes
ac_cv_func_fmodf=yes
ac_cv_func_gettimeofday=yes
ac_cv_func_isnan=yes
ac_cv_func_isnanf=yes
ac_cv_func_memmove=yes
ac_cv_func_memset=yes
ac_cv_func_obstack=yes
ac_cv_func_pthread_attr_setstacklazy=no
ac_cv_func_sinf=yes
ac_cv_func_snprintf=yes
ac_cv_func_sqrt=yes
ac_cv_func_sqrtf=yes
ac_cv_func_strchr=yes
ac_cv_func_strstr=yes
ac_cv_func_vsnprintf=yes
ac_cv_header_alloca_h=yes
ac_cv_header_dlfcn_h=yes
ac_cv_header_float_h=yes
ac_cv_header_inttypes_h=yes
ac_cv_header_limits_h=yes
ac_cv_header_malloc_h=yes
ac_cv_header_math_h=yes
ac_cv_header_memory_h=yes
ac_cv_header_stdarg_h=yes
ac_cv_header_stdbool_h=yes
ac_cv_header_stdc=yes
ac_cv_header_stddef_h=yes
ac_cv_header_stdint_h=yes
ac_cv_header_stdio_h=yes
ac_cv_header_stdlib_h=yes
ac_cv_header_string_h=yes
ac_cv_header_strings_h=yes
ac_cv_header_sys_stat_h=yes
ac_cv_header_sys_time_h=yes
ac_cv_header_sys_types_h=yes
ac_cv_header_time_h=yes
ac_cv_header_unistd_h=yes
ac_cv_host=x86_64-unknown-linux-gnu
ac_cv_lib_m_main=yes
ac_cv_lib_pthread_main=yes
ac_cv_lib_stdcpp_main=yes
ac_cv_lib_sunmath_main=no
ac_cv_objext=o
ac_cv_path_EGREP='/usr/bin/grep -E'
ac_cv_path_FGREP='/usr/bin/grep -F'
ac_cv_path_GREP=/usr/bin/grep
ac_cv_path_SED=/usr/bin/sed
ac_cv_path_install='/usr/bin/install -c'
ac_cv_path_mkdir=/usr/bin/mkdir
ac_cv_prog_AWK=mawk
ac_cv_prog_CPP='clang-19 -E'
ac_cv_prog_CXXCPP='clang++-19 -E'
ac_cv_prog_ac_ct_AR=ar
ac_cv_prog_ac_ct_CC=clang-19
ac_cv_prog_ac_ct_OBJDUMP=objdump
ac_cv_prog_ac_ct_RANLIB=ranlib
ac_cv_prog_ac_ct_STRIP=strip
ac_cv_prog_cc_c89=
ac_cv_prog_cc_g=yes
ac_cv_prog_cxx_g=yes
ac_cv_prog_make_make_set=yes
ac_cv_type__Bool=yes
ac_cv_type_size_t=yes
ac_cv_working_alloca_h=yes
am_cv_CC_dependencies_compiler_type=gcc3
am_cv_CXX_dependencies_compiler_type=gcc3
am_cv_make_support_nested_variables=yes
am_cv_prog_cc_c_o=yes
lt_cv_ar_at_file=@
lt_cv_deplibs_check_method=pass_all
lt_cv_file_magic_cmd='$MAGIC_CMD'
lt_cv_file_magic_test_file=
lt_cv_ld_reload_flag=-r
lt_cv_nm_interface='BSD nm'
lt_cv_objdir=.libs
lt_cv_path_LD=/usr/bin/ld
lt_cv_path_LDCXX='/usr/bin/ld -m elf_x86_64'
lt_cv_path_NM='/usr/bin/nm -B'
lt_cv_path_mainfest_tool=no
lt_cv_prog_compiler_c_o=yes
lt_cv_prog_compiler_c_o_CXX=yes
lt_cv_prog_compiler_pic='-fPIC -DPIC'
lt_cv_prog_compiler_pic_CXX='-fPIC -DPIC'
lt_cv_prog_compiler_pic_works=yes
lt_cv_prog_compiler_pic_works_CXX=yes
lt_cv_prog_compiler_rtti_exceptions=yes
lt_cv_prog_compiler_static_works=yes
lt_cv_prog_compiler_static_works_CXX=yes
lt_cv_prog_gnu_ld=yes
lt_cv_prog_gnu_ldcxx=yes
lt_cv_sharedlib_from_linklib_cmd='printf %s\n'
lt_cv_shlibpath_overrides_runpath=yes
lt_cv_sys_global_symbol_pipe='sed -n -e '\''s/^.*[	 ]\([ABCDGIRSTW][ABCDGIRSTW]*\)[	 ][	 ]*\([_A-Za-z][_A-Za-z0-9]*\)$/\1 \2 \2/p'\'' | sed '\''/ __gnu_lto/d'\'''
lt_cv_sys_global_symbol_to_c_name_address='sed -n -e '\''s/^: \([^ ]*\)[ ]*$/  {\"\1\", (void *) 0},/p'\'' -e '\''s/^[ABCDGIRSTW]* \([^ ]*\) \([^ ]*\)$/  {"\2", (void *) \&\2},/p'\'''
lt_cv_sys_global_symbol_to_c_name_address_lib_prefix='sed -n -e '\''s/^: \([^ ]*\)[ ]*$/  {\"\1\", (void *) 0},/p'\'' -e '\''s/^[ABCDGIRSTW]* \([^ ]*\) \(lib[^ ]*\)$/  {"\2", (void *) \&\2},/p'\'' -e '\''s/^[ABCDGIRSTW]* \([^ ]*\) \([^ ]*\)$/  {"lib\2", (void *) \&\2},/p'\'''
lt_cv_sys_global_symbol_to_cdecl='sed -n -e '\''s/^T .* \(.*\)$/extern int \1();/p'\'' -e '\''s/^[ABCDGIRSTW]* .* \(.*\)$/extern char \1;/p'\'''
lt_cv_sys_max_cmd_len=1572864
lt_cv_to_host_file_cmd=func_convert_file_noop
lt_cv_to_tool_file_cmd=func_convert_file_noop

## ----------------- ##
## Output variables. ##
## ----------------- ##

ACLOCAL='${SHELL} /workspaces/networkedphysics-gdc2015/external/ode/missing aclocal-1.14'
ALLOCA=''
AMDEPBACKSLASH='\'
AMDEP_FALSE='#'
AMDEP_TRUE=''
AMTAR='$${TAR-tar}'
AM_BACKSLASH='\'
AM_DEFAULT_V='$(AM_DEFAULT_VERBOSITY)'
AM_DEFAULT_VERBOSITY='1'
AM_V='$(V)'
AR='ar'
AS='as'
AUTOCONF='${SHELL} /workspaces/networkedphysics-gdc2015/external/ode/missing autoconf'
AUTOHEADER='${SHELL} /workspaces/networkedphysics-gdc2015/external/ode/missing autoheader'
AUTOMAKE='${SHELL} /workspaces/networkedphysics-gdc2015/external/ode/missing automake-1.14'
AWK='mawk'
CC='clang-19'
CCDEPMODE='depmode=gcc3'
CFLAGS='-g -O2 -mno-avx -mno-avx2 -mno-avx512f'
CPP='clang-19 -E'
CPPFLAGS=''
CXX='clang++-19'
CXXCPP='clang++-19 -E'
CXXDEPMODE='depmode=gcc3'
CXXFLAGS='-g -O2 -mno-avx -mno-avx2 -mno-avx512f'
CYGPATH_W='echo'
DEFS='-DHAVE_CONFIG_H'
DEPDIR='.deps'
DLLTOOL='false'
DSYMUTIL=''
DUMPBIN=''
ECHO_C=''
ECHO_N='-n'
ECHO_T=''
EGREP='/usr/bin/grep -E'
ENABLE_DEMOS_FALSE=''
ENABLE_DEMOS_TRUE='#'
ENABLE_DRAWSTUFF_FALSE=''
ENABLE_DRAWSTUFF_TRUE='#'
ENABLE_OU_FALSE='#'
ENABLE_OU_TRUE=''
EXEEXT=''
EXTRA_LIBTOOL_LDFLAGS=''
FGREP='/usr/bin/grep -F'
GIMPACT_FALSE=''
GIMPACT_TRUE='#'
GL_LIBS=''
GREP='/usr/bin/grep'
INSTALL_DATA='${INSTALL} -m 644'
INSTALL_PROGRAM='${INSTALL}'
INSTALL_SCRIPT='${INSTALL}'
INSTALL_STRIP_PROGRAM='$(install_sh) -c -s'
LD='/usr/bin/ld -m elf_x86_64'
LDFLAGS=''
LIBCCD_BOX_CYL_FALSE=''
LIBCCD_BOX_CYL_TRUE='#'
LIBCCD_CAP_CYL_FALSE=''
LIBCCD_CAP_CYL_TRUE='#'
LIBCCD_CONVEX_BOX_FALSE=''
LIBCCD_CONVEX_BOX_TRUE='#'
LIBCCD_CONVEX_CAP_FALSE=''
LIBCCD_CONVEX_CAP_TRUE='#'
LIBCCD_CONVEX_CONVEX_FALSE=''
LIBCCD_CONVEX_CONVEX_TRUE='#'
LIBCCD_CONVEX_CYL_FALSE=''
LIBCCD_CONVEX_CYL_TRUE='#'
LIBCCD_CONVEX_SPHERE_FALSE=''
LIBCCD_CONVEX_SPHERE_TRUE='#'
LIBCCD_CYL_CYL_FALSE=''
LIBCCD_CYL_CYL_TRUE='#'
LIBCCD_FALSE=''
LIBCCD_TRUE='#'
LIBOBJS=''
LIBS='-lm  -lpthread'
LIBSTDCXX='-lstdc++'
LIBTOOL='$(SHELL) $(top_builddir)/libtool'
LIPO=''
LN_S='ln -s'
LTLIBOBJS=''
MAKEINFO='${SHELL} /workspaces/networkedphysics-gdc2015/external/ode/missing makeinfo'
MANIFEST_TOOL=':'
MKDIR_P='/usr/bin/mkdir -p'
NM='/usr/bin/nm -B'
NMEDIT=''
OBJDUMP='objdump'
OBJEXT='o'
ODE_PRECISION='dSINGLE'
ODE_VERSION='0.13'
ODE_VERSION_INFO='-version-info 4:0:1'
OPCODE_FALSE='#'
OPCODE_TRUE=''
OSX_FALSE=''
OSX_TRUE='#'
OTOOL64=''
OTOOL=''
PACKAGE='ode'
PACKAGE_BUGREPORT='ode@ode.org'
PACKAGE_NAME='ODE'
PACKAGE_STRING='ODE 0.13'
PACKAGE_TARNAME='ode'
PACKAGE_URL=''
PACKAGE_VERSION='0.13'
PATH_SEPARATOR=':'
PKG_CONFIG=''
PKG_CONFIG_LIBDIR=''
PKG_CONFIG_PATH=''
RANLIB='ranlib'
SED='/usr/bin/sed'
SET_MAKE=''
SHELL='/bin/bash'
STRIP='strip'
TRIMESH_FALSE='#'
TRIMESH_TRUE=''
VERSION='0.13'
WIN32_FALSE=''
WIN32_TRUE='#'
WINDRES=''
X11_CFLAGS=''
X11_FALSE=''
X11_LIBS=''
X11_TRUE='#'
X86_64_SYSTEM_FALSE='#'
X86_64_SYSTEM_TRUE=''
ac_ct_AR='ar'
ac_ct_CC='clang-19'
ac_ct_CXX=''
ac_ct_DUMPBIN=''
ac_ct_WINDRES=''
am__EXEEXT_FALSE=''
am__EXEEXT_TRUE='#'
am__fastdepCC_FALSE='#'
am__fastdepCC_TRUE=''
am__fastdepCXX_FALSE='#'
am__fastdepCXX_TRUE=''
am__include='include'
am__isrc=''
am__leading_dot='.'
am__nodep='_no'
am__quote=''
am__tar='$${TAR-tar} chof - "$$tardir"'
am__untar='$${TAR-tar} xf -'
bindir='${exec_prefix}/bin'
build='x86_64-unknown-linux-gnu'
build_alias=''
build_cpu='x86_64'
build_os='linux-gnu'
build_vendor='unknown'
datadir='${datarootdir}'
datarootdir='${prefix}/share'
docdir='${datarootdir}/doc/${PACKAGE_TARNAME}'
dvidir='${docdir}'
exec_prefix='${prefix}'
host='x86_64-unknown-linux-gnu'
host_alias=''
host_cpu='x86_64'
host_os='linux-gnu'
host_vendor='unknown'
htmldir='${docdir}'
includedir='${prefix}/include'
infodir='${datarootdir}/info'
install_sh='${SHELL} /workspaces/networkedphysics-gdc2015/external/ode/install-sh'
libdir='${exec_prefix}/lib'
libexecdir='${exec_prefix}/libexec'
localedir='${datarootdir}/locale'
localstatedir='${prefix}/var'
mandir='${datarootdir}/man'
mkdir_p='$(MKDIR_P)'
oldincludedir='/usr/include'
pdfdir='${docdir}'
prefix='/usr/local'
program_transform_name='s,x,x,'
psdir='${docdir}'
sbindir='${exec_prefix}/sbin'
sharedstatedir='${prefix}/com'
subdirs=' ou libccd'
sysconfdir='${prefix}/etc'
target_alias=''

## ----------- ##
## confdefs.h. ##
## ----------- ##

/* confdefs.h */
#define PACKAGE_NAME "ODE"
#define PACKAGE_TARNAME "ode"
#define PACKAGE_VERSION "0.13"
#define PACKAGE_STRING "ODE 0.13"
#define PACKAGE_BUGREPORT "ode@ode.org"
#define PACKAGE_URL ""
#define PACKAGE "ode"
#define VERSION "0.13"
#define STDC_HEADERS 1
#define HAVE_SYS_TYPES_H 1
#define HAVE_SYS_STAT_H 1
#define HAVE_STDLIB_H 1
#define HAVE_STRING_H 1
#define HAVE_MEMORY_H 1
#define HAVE_STRINGS_H 1
#define HAVE_INTTYPES_H 1
#define HAVE_STDINT_H 1
#define HAVE_UNISTD_H 1
#define HAVE_DLFCN_H 1
#define LT_OBJDIR ".libs/"
#define X86_64_SYSTEM 1
#define HAVE_ALLOCA_H 1
#define HAVE_STDIO_H 1
#define HAVE_INTTYPES_H 1
#define HAVE_STDINT_H 1
#define HAVE_STDLIB_H 1
#define HAVE_MATH_H 1
#define HAVE_STRING_H 1
#define HAVE_STDARG_H 1
#define HAVE_MALLOC_H 1
#define HAVE_FLOAT_H 1
#define HAVE_TIME_H 1
#define HAVE_SYS_TIME_H 1
#define HAVE_LIMITS_H 1
#define HAVE_STDDEF_H 1
#define HAVE__BOOL 1
#define HAVE_STDBOOL_H 1
#define HAVE_OBSTACK 1
#define HAVE_LIBM 1
#define HAVE_FLOOR 1
#define HAVE_MEMMOVE 1
#define HAVE_MEMSET 1
#define HAVE_SQRT 1
#define HAVE_SQRTF 1
#define HAVE_SINF 1
#define HAVE_COSF 1
#define HAVE_FABSF 1
#define HAVE_ATAN2F 1
#define HAVE_FMODF 1
#define HAVE_COPYSIGNF 1
#define HAVE_COPYSIGN 1
#define HAVE_SNPRINTF 1
#define HAVE_VSNPRINTF 1
#define HAVE_GETTIMEOFDAY 1
#define HAVE_ISNAN 1
#define HAVE_ISNANF 1
#define HAVE___ISNAN 1
#define HAVE___ISNANF 1
#define HAVE_STRCHR 1
#define HAVE_STRSTR 1
#define HAVE_ALLOCA_H 1
#define HAVE_ALLOCA 1
#define _OU_NAMESPACE odeou
#define dOU_ENABLED 1
#define dATOMICS_ENABLED 1
#define _OU_TARGET_OS _OU_TARGET_OS_GENUNIX

configure: exit 0
